// Boolean type: conversions
1
0
true
false
true
false
// Boolean type: arithmetic
true
true
false
true
false
false
true
true
true
false
void
// Boolean type: comparisons
true
false
true
false
false
true
true
// Boolean type: sequence access
1
1
true
false
true
false
// Boolean type: xor
false
true
true
false
