┌────┬─────┐
│ id │price│
├────┼─────┤
│  2 │  20 │
│  3 │  30 │
└────┴─────┘
┌────┬─────┐
│ id │price│
├────┼─────┤
│  1 │  10 │
└────┴─────┘
┌────┬─────┐
│ id │price│
├────┼─────┤
│  2 │  20 │
│  3 │  30 │
└────┴─────┘
┌────┬─────┐
│ id │price│
├────┼─────┤
│  1 │  10 │
│  2 │  20 │
└────┴─────┘
┌────┬─────┐
│ id │price│
├────┼─────┤
│  1 │  10 │
│  3 │  30 │
└────┴─────┘
┌────┬─────┐
│ id │price│
├────┼─────┤
│  2 │  20 │
└────┴─────┘
┌────┬─────┐
│ id │price│
├────┼─────┤
│  2 │  20 │
└────┴─────┘
┌────┬─────┐
│ id │price│
├────┼─────┤
│  2 │  20 │
│  3 │  30 │
└────┴─────┘
┌────┬─────┐
│ id │price│
├────┼─────┤
│  1 │  10 │
│  2 │  20 │
└────┴─────┘
