[ 1, 2, 3 ]
[ 10, 20, 30 ]
[ 3, 2 ]
[ 100, 200, void ]
[ 3, 3 ]
[ x, void, void ]
[ 3, 4 ]
[ 1, 2, 3, 4 ]
[ 4, 5 ]
[ [ 7, 8 ], void, void, void ]
[ 7, 8 ]
[ 4, 6 ]
[ 1, void, void, void ]
[ 4, 7 ]
[ 99, 88, void, void ]
[ 4, 7 ]
[ 5, void, void, void ]
[ 4, 7 ]
{ id: 99; val: 5; newcol: 100; label: x; range: 1; tag: [ 7, 8 ]; mark: 1 }
{ id: 88; val: void; newcol: 200; label: void; range: 2; tag: void; mark: void }
