60
20
10
30
6
2
10
10
10
3
1
3
3
5
┌────┬────┐
│ id │ v  │
├────┼────┤
│  1 │  5 │
│  2 │  9 │
└────┴────┘
2
┌────┐
│ id │
├────┤
│  1 │
│  2 │
│  3 │
└────┘
┌────┬─────┐
│ id │price│
├────┼─────┤
│  1 │  10 │
│  2 │  20 │
│  3 │  30 │
└────┴─────┘
┌────┬────┐
│ id │ v  │
├────┼────┤
│  1 │'a' │
│  2 │'b' │
│  3 │'c' │
└────┴────┘
┌────┬─────┬────┐
│ id │price│dept│
├────┼─────┼────┤
│  2 │  20 │'b' │
│  3 │  30 │'a' │
└────┴─────┴────┘
┌────┬─────┬────┐
│ id │price│dept│
├────┼─────┼────┤
│  2 │  20 │'b' │
└────┴─────┴────┘
2
2
┌────┬─────┐
│dept│score│
├────┼─────┤
│'a' │   1 │
│'a' │   3 │
└────┴─────┘
┌────┬─────┐
│dept│score│
├────┼─────┤
│'b' │   2 │
└────┴─────┘
┌────┬────┬─────┐
│ id │name│score│
├────┼────┼─────┤
│  2 │'b' │   7 │
└────┴────┴─────┘
1
{}
0
void
